
> stl-manager-client@0.1.0 start
> react-scripts start

(node:1942002) [DEP_WEBPACK_DEV_SERVER_ON_AFTER_SETUP_MIDDLEWARE] DeprecationWarning: 'onAfterSetupMiddleware' option is deprecated. Please use the 'setupMiddlewares' option.
(Use `node --trace-deprecation ...` to show where the warning was created)
(node:1942002) [DEP_WEBPACK_DEV_SERVER_ON_BEFORE_SETUP_MIDDLEWARE] DeprecationWarning: 'onBeforeSetupMiddleware' option is deprecated. Please use the 'setupMiddlewares' option.
Starting the development server...

Compiled with warnings.

[eslint] 
src/App.js
  Line 7:8:    'StudentPage' is defined but never used               no-unused-vars
  Line 25:11:  'isAuthenticated' is assigned a value but never used  no-unused-vars

src/components/STLThumbnailGenerator.js
  Line 210:15:  'totalVertices' is assigned a value but never used   no-unused-vars
  Line 211:15:  'totalTriangles' is assigned a value but never used  no-unused-vars

src/components/TablerLayout.js
  Line 112:23:  The href attribute requires a valid value to be accessible. Provide a valid, navigable address as the href value. If you cannot provide a valid href, but still need the element to resemble a link, use a button and change it with appropriate styles. Learn more: https://github.com/jsx-eslint/eslint-plugin-jsx-a11y/blob/HEAD/docs/rules/anchor-is-valid.md  jsx-a11y/anchor-is-valid
  Line 195:21:  The href attribute requires a valid value to be accessible. Provide a valid, navigable address as the href value. If you cannot provide a valid href, but still need the element to resemble a link, use a button and change it with appropriate styles. Learn more: https://github.com/jsx-eslint/eslint-plugin-jsx-a11y/blob/HEAD/docs/rules/anchor-is-valid.md  jsx-a11y/anchor-is-valid
  Line 198:21:  The href attribute requires a valid value to be accessible. Provide a valid, navigable address as the href value. If you cannot provide a valid href, but still need the element to resemble a link, use a button and change it with appropriate styles. Learn more: https://github.com/jsx-eslint/eslint-plugin-jsx-a11y/blob/HEAD/docs/rules/anchor-is-valid.md  jsx-a11y/anchor-is-valid
  Line 203:17:  The href attribute requires a valid value to be accessible. Provide a valid, navigable address as the href value. If you cannot provide a valid href, but still need the element to resemble a link, use a button and change it with appropriate styles. Learn more: https://github.com/jsx-eslint/eslint-plugin-jsx-a11y/blob/HEAD/docs/rules/anchor-is-valid.md  jsx-a11y/anchor-is-valid

src/pages/AssignmentSubmissionsPage.js
  Line 16:10:  'showDeleteModal' is assigned a value but never used                                                          no-unused-vars
  Line 16:27:  'setShowDeleteModal' is assigned a value but never used                                                       no-unused-vars
  Line 17:10:  'selectedSubmission' is assigned a value but never used                                                       no-unused-vars
  Line 17:30:  'setSelectedSubmission' is assigned a value but never used                                                    no-unused-vars
  Line 29:6:   React Hook useEffect has a missing dependency: 'fetchData'. Either include it or remove the dependency array  react-hooks/exhaustive-deps

src/pages/AssignmentViewPage.js
  Line 8:9:  'navigate' is assigned a value but never used  no-unused-vars

src/pages/GradingPage.js
  Line 24:10:  'saving' is assigned a value but never used                                                                          no-unused-vars
  Line 25:10:  'saveError' is assigned a value but never used                                                                       no-unused-vars
  Line 57:6:   React Hook useEffect has a missing dependency: 'initializeViewer'. Either include it or remove the dependency array  react-hooks/exhaustive-deps

src/pages/HomePage.js
  Line 37:6:  React Hook useEffect has a missing dependency: 'fetchData'. Either include it or remove the dependency array  react-hooks/exhaustive-deps

src/pages/StudentViewPage.js
  Line 8:9:   'currentYear' is assigned a value but never used                                                                                             no-unused-vars
  Line 65:6:  React Hook useEffect has missing dependencies: 'filteredStudents' and 'selectedStudent'. Either include them or remove the dependency array  react-hooks/exhaustive-deps

src/pages/SubmissionPage.js
  Line 86:6:    React Hook useEffect has a missing dependency: 'formData.studentName'. Either include it or remove the dependency array   react-hooks/exhaustive-deps
  Line 98:6:    React Hook useEffect has a missing dependency: 'formData.assignmentId'. Either include it or remove the dependency array  react-hooks/exhaustive-deps
  Line 146:13:  'fileExtension' is assigned a value but never used                                                                        no-unused-vars
  Line 224:13:  'fileExtension' is assigned a value but never used                                                                        no-unused-vars

src/pages/TeacherDashboard.js
  Line 14:10:  'loading' is assigned a value but never used  no-unused-vars

Search for the keywords to learn more about each warning.
To ignore, add // eslint-disable-next-line to the line before.

WARNING in [eslint] 
src/App.js
  Line 7:8:    'StudentPage' is defined but never used               no-unused-vars
  Line 25:11:  'isAuthenticated' is assigned a value but never used  no-unused-vars

src/components/STLThumbnailGenerator.js
  Line 210:15:  'totalVertices' is assigned a value but never used   no-unused-vars
  Line 211:15:  'totalTriangles' is assigned a value but never used  no-unused-vars

src/components/TablerLayout.js
  Line 112:23:  The href attribute requires a valid value to be accessible. Provide a valid, navigable address as the href value. If you cannot provide a valid href, but still need the element to resemble a link, use a button and change it with appropriate styles. Learn more: https://github.com/jsx-eslint/eslint-plugin-jsx-a11y/blob/HEAD/docs/rules/anchor-is-valid.md  jsx-a11y/anchor-is-valid
  Line 195:21:  The href attribute requires a valid value to be accessible. Provide a valid, navigable address as the href value. If you cannot provide a valid href, but still need the element to resemble a link, use a button and change it with appropriate styles. Learn more: https://github.com/jsx-eslint/eslint-plugin-jsx-a11y/blob/HEAD/docs/rules/anchor-is-valid.md  jsx-a11y/anchor-is-valid
  Line 198:21:  The href attribute requires a valid value to be accessible. Provide a valid, navigable address as the href value. If you cannot provide a valid href, but still need the element to resemble a link, use a button and change it with appropriate styles. Learn more: https://github.com/jsx-eslint/eslint-plugin-jsx-a11y/blob/HEAD/docs/rules/anchor-is-valid.md  jsx-a11y/anchor-is-valid
  Line 203:17:  The href attribute requires a valid value to be accessible. Provide a valid, navigable address as the href value. If you cannot provide a valid href, but still need the element to resemble a link, use a button and change it with appropriate styles. Learn more: https://github.com/jsx-eslint/eslint-plugin-jsx-a11y/blob/HEAD/docs/rules/anchor-is-valid.md  jsx-a11y/anchor-is-valid

src/pages/AssignmentSubmissionsPage.js
  Line 16:10:  'showDeleteModal' is assigned a value but never used                                                          no-unused-vars
  Line 16:27:  'setShowDeleteModal' is assigned a value but never used                                                       no-unused-vars
  Line 17:10:  'selectedSubmission' is assigned a value but never used                                                       no-unused-vars
  Line 17:30:  'setSelectedSubmission' is assigned a value but never used                                                    no-unused-vars
  Line 29:6:   React Hook useEffect has a missing dependency: 'fetchData'. Either include it or remove the dependency array  react-hooks/exhaustive-deps

src/pages/AssignmentViewPage.js
  Line 8:9:  'navigate' is assigned a value but never used  no-unused-vars

src/pages/GradingPage.js
  Line 24:10:  'saving' is assigned a value but never used                                                                          no-unused-vars
  Line 25:10:  'saveError' is assigned a value but never used                                                                       no-unused-vars
  Line 57:6:   React Hook useEffect has a missing dependency: 'initializeViewer'. Either include it or remove the dependency array  react-hooks/exhaustive-deps

src/pages/HomePage.js
  Line 37:6:  React Hook useEffect has a missing dependency: 'fetchData'. Either include it or remove the dependency array  react-hooks/exhaustive-deps

src/pages/StudentViewPage.js
  Line 8:9:   'currentYear' is assigned a value but never used                                                                                             no-unused-vars
  Line 65:6:  React Hook useEffect has missing dependencies: 'filteredStudents' and 'selectedStudent'. Either include them or remove the dependency array  react-hooks/exhaustive-deps

src/pages/SubmissionPage.js
  Line 86:6:    React Hook useEffect has a missing dependency: 'formData.studentName'. Either include it or remove the dependency array   react-hooks/exhaustive-deps
  Line 98:6:    React Hook useEffect has a missing dependency: 'formData.assignmentId'. Either include it or remove the dependency array  react-hooks/exhaustive-deps
  Line 146:13:  'fileExtension' is assigned a value but never used                                                                        no-unused-vars
  Line 224:13:  'fileExtension' is assigned a value but never used                                                                        no-unused-vars

src/pages/TeacherDashboard.js
  Line 14:10:  'loading' is assigned a value but never used  no-unused-vars

webpack compiled with 1 warning
