
> stl-manager-server@1.0.0 start
> node server.js

[dotenv@17.2.3] injecting env (12) from .env -- tip: 🛠️  run anywhere with `dotenvx run -- yourcommand`
已连接到PostgreSQL数据库
PostgreSQL表结构已创建
数据库初始化完成
node:events:486
      throw er; // Unhandled 'error' event
      ^

Error: listen EADDRINUSE: address already in use :::5000
    at Server.setupListenHandle [as _listen2] (node:net:1940:16)
    at listenInCluster (node:net:1997:12)
    at Server.listen (node:net:2102:7)
    at app.listen (/home/zc1415926/3D-Class-Manager-master/server/node_modules/express/lib/application.js:635:24)
    at startServer (/home/zc1415926/3D-Class-Manager-master/server/server.js:127:9)
    at process.processTicksAndRejections (node:internal/process/task_queues:103:5)
Emitted 'error' event on Server instance at:
    at emitErrorNT (node:net:1976:8)
    at process.processTicksAndRejections (node:internal/process/task_queues:89:21) {
  code: 'EADDRINUSE',
  errno: -98,
  syscall: 'listen',
  address: '::',
  port: 5000
}

Node.js v24.12.0
